[    0.000000] Linux version 4.15.0-163-generic (buildd@lcy01-amd64-021) (gcc version 7.5.0 (Ubuntu 7.5.0-3ubuntu1~18.04)) #171-Ubuntu SMP Fri Nov 5 11:55:11 UTC 2021 (Ubuntu 4.15.0-163.171-generic 4.15.18)
[    0.000000] Command line: BOOT_IMAGE=/boot/vmlinuz-4.15.0-163-generic root=LABEL=cloudimg-rootfs ro console=tty1 console=ttyS0
[    0.000000] KERNEL supported cpus:
[    0.000000]   Intel GenuineIntel
[    0.000000]   AMD AuthenticAMD
[    0.000000]   Centaur CentaurHauls
[    0.000000] x86/fpu: Supporting XSAVE feature 0x001: 'x87 floating point registers'
[    0.000000] x86/fpu: Supporting XSAVE feature 0x002: 'SSE registers'
[    0.000000] x86/fpu: Supporting XSAVE feature 0x004: 'AVX registers'
[    0.000000] x86/fpu: xstate_offset[2]:  576, xstate_sizes[2]:  256
[    0.000000] x86/fpu: Enabled xstate features 0x7, context size is 832 bytes, using 'standard' format.
[    0.000000] e820: BIOS-provided physical RAM map:
[    0.000000] BIOS-e820: [mem 0x0000000000000000-0x000000000009fbff] usable
[    0.000000] BIOS-e820: [mem 0x000000000009fc00-0x000000000009ffff] reserved
[    0.000000] BIOS-e820: [mem 0x00000000000f0000-0x00000000000fffff] reserved
[    0.000000] BIOS-e820: [mem 0x0000000000100000-0x000000003ffeffff] usable
[    0.000000] BIOS-e820: [mem 0x000000003fff0000-0x000000003fffffff] ACPI data
[    0.000000] BIOS-e820: [mem 0x00000000fec00000-0x00000000fec00fff] reserved
[    0.000000] BIOS-e820: [mem 0x00000000fee00000-0x00000000fee00fff] reserved
[    0.000000] BIOS-e820: [mem 0x00000000fffc0000-0x00000000ffffffff] reserved
[    0.000000] NX (Execute Disable) protection: active
[    0.000000] SMBIOS 2.5 present.
[    0.000000] DMI: innotek GmbH VirtualBox/VirtualBox, BIOS VirtualBox 12/01/2006
[    0.000000] Hypervisor detected: KVM
[    0.000000] e820: last_pfn = 0x3fff0 max_arch_pfn = 0x400000000
[    0.000000] MTRR: Disabled
[    0.000000] x86/PAT: MTRRs disabled, skipping PAT initialization too.
[    0.000000] CPU MTRRs all blank - virtualized system.
[    0.000000] x86/PAT: Configuration [0-7]: WB  WT  UC- UC  WB  WT  UC- UC  
[    0.000000] found SMP MP-table at [mem 0x0009fff0-0x0009ffff]
[    0.000000] Scanning 1 areas for low memory corruption
[    0.000000] RAMDISK: [mem 0x359cd000-0x36cddfff]
[    0.000000] ACPI: Early table checksum verification disabled
[    0.000000] ACPI: RSDP 0x00000000000E0000 000024 (v02 VBOX  )
[    0.000000] ACPI: XSDT 0x000000003FFF0030 00003C (v01 VBOX   VBOXXSDT 00000001 ASL  00000061)
[    0.000000] ACPI: FACP 0x000000003FFF00F0 0000F4 (v04 VBOX   VBOXFACP 00000001 ASL  00000061)
[    0.000000] ACPI: DSDT 0x000000003FFF0470 002325 (v02 VBOX   VBOXBIOS 00000002 INTL 20100528)
[    0.000000] ACPI: FACS 0x000000003FFF0200 000040
[    0.000000] ACPI: FACS 0x000000003FFF0200 000040
[    0.000000] ACPI: APIC 0x000000003FFF0240 00005C (v02 VBOX   VBOXAPIC 00000001 ASL  00000061)
[    0.000000] ACPI: SSDT 0x000000003FFF02A0 0001CC (v01 VBOX   VBOXCPUT 00000002 INTL 20100528)
[    0.000000] ACPI: Reserving FACP table memory at [mem 0x3fff00f0-0x3fff01e3]
[    0.000000] ACPI: Reserving DSDT table memory at [mem 0x3fff0470-0x3fff2794]
[    0.000000] ACPI: Reserving FACS table memory at [mem 0x3fff0200-0x3fff023f]
[    0.000000] ACPI: Reserving FACS table memory at [mem 0x3fff0200-0x3fff023f]
[    0.000000] ACPI: Reserving APIC table memory at [mem 0x3fff0240-0x3fff029b]
[    0.000000] ACPI: Reserving SSDT table memory at [mem 0x3fff02a0-0x3fff046b]
[    0.000000] No NUMA configuration found
[    0.000000] Faking a node at [mem 0x0000000000000000-0x000000003ffeffff]
[    0.000000] NODE_DATA(0) allocated [mem 0x3ffc5000-0x3ffeffff]
[    0.000000] kvm-clock: cpu 0, msr 0:3ff44001, primary cpu clock
[    0.000000] kvm-clock: Using msrs 4b564d01 and 4b564d00
[    0.000000] kvm-clock: using sched offset of 4132217965 cycles
[    0.000000] clocksource: kvm-clock: mask: 0xffffffffffffffff max_cycles: 0x1cd42e4dffb, max_idle_ns: 881590591483 ns
[    0.000000] Zone ranges:
[    0.000000]   DMA      [mem 0x0000000000001000-0x0000000000ffffff]
[    0.000000]   DMA32    [mem 0x0000000001000000-0x000000003ffeffff]
[    0.000000]   Normal   empty
[    0.000000]   Device   empty
[    0.000000] Movable zone start for each node
[    0.000000] Early memory node ranges
[    0.000000]   node   0: [mem 0x0000000000001000-0x000000000009efff]
[    0.000000]   node   0: [mem 0x0000000000100000-0x000000003ffeffff]
[    0.000000] Reserved but unavailable: 104 pages
[    0.000000] Initmem setup node 0 [mem 0x0000000000001000-0x000000003ffeffff]
[    0.000000] ACPI: PM-Timer IO Port: 0x4008
[    0.000000] IOAPIC[0]: apic_id 2, version 32, address 0xfec00000, GSI 0-23
[    0.000000] ACPI: INT_SRC_OVR (bus 0 bus_irq 0 global_irq 2 dfl dfl)
[    0.000000] ACPI: INT_SRC_OVR (bus 0 bus_irq 9 global_irq 9 low level)
[    0.000000] Using ACPI (MADT) for SMP configuration information
[    0.000000] smpboot: Allowing 2 CPUs, 0 hotplug CPUs
[    0.000000] PM: Registered nosave memory: [mem 0x00000000-0x00000fff]
[    0.000000] PM: Registered nosave memory: [mem 0x0009f000-0x0009ffff]
[    0.000000] PM: Registered nosave memory: [mem 0x000a0000-0x000effff]
[    0.000000] PM: Registered nosave memory: [mem 0x000f0000-0x000fffff]
[    0.000000] e820: [mem 0x40000000-0xfebfffff] available for PCI devices
[    0.000000] Booting paravirtualized kernel on KVM
[    0.000000] clocksource: refined-jiffies: mask: 0xffffffff max_cycles: 0xffffffff, max_idle_ns: 7645519600211568 ns
[    0.000000] random: get_random_bytes called from start_kernel+0x99/0x500 with crng_init=0
[    0.000000] setup_percpu: NR_CPUS:8192 nr_cpumask_bits:2 nr_cpu_ids:2 nr_node_ids:1
[    0.000000] percpu: Embedded 45 pages/cpu s147456 r8192 d28672 u1048576
[    0.000000] PV qspinlock hash table entries: 256 (order: 0, 4096 bytes)
[    0.000000] Built 1 zonelists, mobility grouping on.  Total pages: 257913
[    0.000000] Policy zone: DMA32
[    0.000000] Kernel command line: BOOT_IMAGE=/boot/vmlinuz-4.15.0-163-generic root=LABEL=cloudimg-rootfs ro console=tty1 console=ttyS0
[    0.000000] Memory: 982712K/1048120K available (12300K kernel code, 2483K rwdata, 4320K rodata, 2448K init, 2724K bss, 65408K reserved, 0K cma-reserved)
[    0.000000] SLUB: HWalign=64, Order=0-3, MinObjects=0, CPUs=2, Nodes=1
[    0.000000] Kernel/User page tables isolation: enabled
[    0.000000] ftrace: allocating 39476 entries in 155 pages
[    0.004000] Hierarchical RCU implementation.
[    0.004000] 	RCU restricting CPUs from NR_CPUS=8192 to nr_cpu_ids=2.
[    0.004000] 	Tasks RCU enabled.
[    0.004000] RCU: Adjusting geometry for rcu_fanout_leaf=16, nr_cpu_ids=2
[    0.004000] NR_IRQS: 524544, nr_irqs: 440, preallocated irqs: 16
[    0.004000] Console: colour VGA+ 80x25
[    0.004000] console [tty1] enabled
[    0.004000] console [ttyS0] enabled
[    0.004000] ACPI: Core revision 20170831
[    0.004000] ACPI: 2 ACPI AML tables successfully acquired and loaded
[    0.004000] APIC: Switch to symmetric I/O mode setup
[    0.004000] x2apic enabled
[    0.004000] Switched APIC routing to physical x2apic.
[    0.004000] ..TIMER: vector=0x30 apic1=0 pin1=2 apic2=-1 pin2=-1
[    0.004004] tsc: Detected 1895.998 MHz processor
[    0.005038] Calibrating delay loop (skipped) preset value.. 3791.99 BogoMIPS (lpj=7583992)
[    0.008003] pid_max: default: 32768 minimum: 301
[    0.009048] Security Framework initialized
[    0.009913] Yama: becoming mindful.
[    0.010753] AppArmor: AppArmor initialized
[    0.016052] Dentry cache hash table entries: 131072 (order: 8, 1048576 bytes)
[    0.020128] Inode-cache hash table entries: 65536 (order: 7, 524288 bytes)
[    0.021769] Mount-cache hash table entries: 2048 (order: 2, 16384 bytes)
[    0.024007] Mountpoint-cache hash table entries: 2048 (order: 2, 16384 bytes)
[    0.025685] Last level iTLB entries: 4KB 64, 2MB 8, 4MB 8
[    0.026875] Last level dTLB entries: 4KB 64, 2MB 0, 4MB 0, 1GB 4
[    0.028006] Spectre V1 : Mitigation: usercopy/swapgs barriers and __user pointer sanitization
[    0.030102] Spectre V2 : Mitigation: Full generic retpoline
[    0.031352] Spectre V2 : Spectre v2 / SpectreRSB mitigation: Filling RSB on context switch
[    0.032005] Speculative Store Bypass: Vulnerable
[    0.033050] SRBDS: Unknown: Dependent on hypervisor status
[    0.034298] MDS: Mitigation: Clear CPU buffers
[    0.036201] Freeing SMP alternatives memory: 36K
[    0.148563] smpboot: CPU0: Intel(R) Core(TM) i5-8350U CPU @ 1.70GHz (family: 0x6, model: 0x8e, stepping: 0xa)
[    0.151695] Performance Events: unsupported p6 CPU model 142 no PMU driver, software events only.
[    0.152049] Hierarchical SRCU implementation.
[    0.154052] NMI watchdog: Perf event create on CPU 0 failed with -2
[    0.156004] NMI watchdog: Perf NMI watchdog permanently disabled
[    0.157503] smp: Bringing up secondary CPUs ...
[    0.158765] x86: Booting SMP configuration:
[    0.160009] .... node  #0, CPUs:      #1
[    0.004000] kvm-clock: cpu 1, msr 0:3ff44041, secondary cpu clock
[    0.166099] smp: Brought up 1 node, 2 CPUs
[    0.166099] smpboot: Max logical packages: 1
[    0.168008] smpboot: Total of 2 processors activated (7583.99 BogoMIPS)
[    0.169602] devtmpfs: initialized
[    0.169602] x86/mm: Memory block size: 128MB
[    0.172070] evm: security.selinux
[    0.172947] evm: security.SMACK64
[    0.173830] evm: security.SMACK64EXEC
[    0.174801] evm: security.SMACK64TRANSMUTE
[    0.175828] evm: security.SMACK64MMAP
[    0.176007] evm: security.apparmor
[    0.177999] evm: security.ima
[    0.180014] evm: security.capability
[    0.181086] clocksource: jiffies: mask: 0xffffffff max_cycles: 0xffffffff, max_idle_ns: 7645041785100000 ns
[    0.184016] futex hash table entries: 512 (order: 3, 32768 bytes)
[    0.185537] pinctrl core: initialized pinctrl subsystem
[    0.188196] RTC time:  8:58:15, date: 03/24/22
[    0.192186] NET: Registered protocol family 16
[    0.193939] audit: initializing netlink subsys (disabled)
[    0.196010] audit: type=2000 audit(1648112300.622:1): state=initialized audit_enabled=0 res=1
[    0.197968] cpuidle: using governor ladder
[    0.197968] cpuidle: using governor menu
[    0.198024] ACPI: bus type PCI registered
[    0.200005] acpiphp: ACPI Hot Plug PCI Controller Driver version: 0.5
[    0.201546] PCI: Using configuration type 1 for base access
[    0.204745] HugeTLB registered 2.00 MiB page size, pre-allocated 0 pages
[    0.205601] ACPI: Added _OSI(Module Device)
[    0.205601] ACPI: Added _OSI(Processor Device)
[    0.208003] ACPI: Added _OSI(3.0 _SCP Extensions)
[    0.208908] ACPI: Added _OSI(Processor Aggregator Device)
[    0.210262] ACPI: Added _OSI(Linux-Dell-Video)
[    0.212022] ACPI: Added _OSI(Linux-Lenovo-NV-HDMI-Audio)
[    0.213335] ACPI: Added _OSI(Linux-HPI-Hybrid-Graphics)
[    0.216319] ACPI: Executed 1 blocks of module-level executable AML code
[    0.221535] ACPI: Interpreter enabled
[    0.222302] ACPI: (supports S0 S5)
[    0.223089] ACPI: Using IOAPIC for interrupt routing
[    0.224000] PCI: Using host bridge windows from ACPI; if necessary, use "pci=nocrs" and report a bug
[    0.224183] ACPI: Enabled 2 GPEs in block 00 to 07
[    0.245801] ACPI: PCI Root Bridge [PCI0] (domain 0000 [bus 00-ff])
[    0.248023] acpi PNP0A03:00: _OSC: OS supports [ASPM ClockPM Segments MSI]
[    0.250716] acpi PNP0A03:00: _OSC: not requesting OS control; OS requires [ExtendedConfig ASPM ClockPM MSI]
[    0.252019] acpi PNP0A03:00: fail to add MMCONFIG information, can't access extended PCI configuration space under this bridge.
[    0.256406] PCI host bridge to bus 0000:00
[    0.257212] pci_bus 0000:00: root bus resource [io  0x0000-0x0cf7 window]
[    0.258457] pci_bus 0000:00: root bus resource [io  0x0d00-0xffff window]
[    0.259718] pci_bus 0000:00: root bus resource [mem 0x000a0000-0x000bffff window]
[    0.260010] pci_bus 0000:00: root bus resource [mem 0x40000000-0xfdffffff window]
[    0.261546] pci_bus 0000:00: root bus resource [bus 00-ff]
[    0.266213] pci 0000:00:01.1: legacy IDE quirk: reg 0x10: [io  0x01f0-0x01f7]
[    0.268003] pci 0000:00:01.1: legacy IDE quirk: reg 0x14: [io  0x03f6]
[    0.269248] pci 0000:00:01.1: legacy IDE quirk: reg 0x18: [io  0x0170-0x0177]
[    0.270600] pci 0000:00:01.1: legacy IDE quirk: reg 0x1c: [io  0x0376]
[    0.288083] pci 0000:00:07.0: quirk: [io  0x4000-0x403f] claimed by PIIX4 ACPI
[    0.289719] pci 0000:00:07.0: quirk: [io  0x4100-0x410f] claimed by PIIX4 SMB
[    0.300734] ACPI: PCI Interrupt Link [LNKA] (IRQs 5 9 10 *11)
[    0.302361] ACPI: PCI Interrupt Link [LNKB] (IRQs 5 9 *10 11)
[    0.303733] ACPI: PCI Interrupt Link [LNKC] (IRQs 5 *9 10 11)
[    0.304133] ACPI: PCI Interrupt Link [LNKD] (IRQs 5 9 10 *11)
[    0.305804] SCSI subsystem initialized
[    0.308087] pci 0000:00:02.0: vgaarb: setting as boot VGA device
[    0.310549] pci 0000:00:02.0: vgaarb: VGA device added: decodes=io+mem,owns=io+mem,locks=none
[    0.312028] pci 0000:00:02.0: vgaarb: bridge control possible
[    0.313411] vgaarb: loaded
[    0.314071] ACPI: bus type USB registered
[    0.316027] usbcore: registered new interface driver usbfs
[    0.317092] usbcore: registered new interface driver hub
[    0.318166] usbcore: registered new device driver usb
[    0.320021] EDAC MC: Ver: 3.0.0
[    0.320962] PCI: Using ACPI for IRQ routing
[    0.321218] NetLabel: Initializing
[    0.321925] NetLabel:  domain hash size = 128
[    0.322789] NetLabel:  protocols = UNLABELED CIPSOv4 CALIPSO
[    0.324054] NetLabel:  unlabeled traffic allowed by default
[    0.328152] clocksource: Switched to clocksource kvm-clock
[    0.352090] VFS: Disk quotas dquot_6.6.0
[    0.353197] VFS: Dquot-cache hash table entries: 512 (order 0, 4096 bytes)
[    0.355503] AppArmor: AppArmor Filesystem Enabled
[    0.357021] pnp: PnP ACPI init
[    0.360304] pnp: PnP ACPI: found 3 devices
[    0.375556] clocksource: acpi_pm: mask: 0xffffff max_cycles: 0xffffff, max_idle_ns: 2085701024 ns
[    0.380704] NET: Registered protocol family 2
[    0.385203] IP idents hash table entries: 16384 (order: 5, 131072 bytes)
[    0.393079] TCP established hash table entries: 8192 (order: 4, 65536 bytes)
[    0.394894] TCP bind hash table entries: 8192 (order: 5, 131072 bytes)
[    0.396479] TCP: Hash tables configured (established 8192 bind 8192)
[    0.397996] UDP hash table entries: 512 (order: 2, 16384 bytes)
[    0.399396] UDP-Lite hash table entries: 512 (order: 2, 16384 bytes)
[    0.400944] NET: Registered protocol family 1
[    0.401872] pci 0000:00:00.0: Limiting direct PCI/PCI transfers
[    0.403137] pci 0000:00:01.0: Activating ISA DMA hang workarounds
[    0.404531] pci 0000:00:02.0: Video device with shadowed ROM at [mem 0x000c0000-0x000dffff]
[    0.406779] Unpacking initramfs...
[    0.774590] Freeing initrd memory: 19524K
[    0.775878] clocksource: tsc: mask: 0xffffffffffffffff max_cycles: 0x36a8cecc844, max_idle_ns: 881590549475 ns
[    0.778313] platform rtc_cmos: registered platform RTC device (no PNP device found)
[    0.780028] Scanning for low memory corruption every 60 seconds
[    0.782215] Initialise system trusted keyrings
[    0.783197] Key type blacklist registered
[    0.784240] workingset: timestamp_bits=36 max_order=18 bucket_order=0
[    0.786675] zbud: loaded
[    0.787847] squashfs: version 4.0 (2009/01/31) Phillip Lougher
[    0.789504] fuse init (API version 7.26)
[    0.796784] Key type asymmetric registered
[    0.797681] Asymmetric key parser 'x509' registered
[    0.798707] Block layer SCSI generic (bsg) driver version 0.4 loaded (major 246)
[    0.800422] io scheduler noop registered
[    0.801303] io scheduler deadline registered
[    0.802299] io scheduler cfq registered (default)
[    0.803698] ACPI: AC Adapter [AC] (on-line)
[    0.804800] input: Power Button as /devices/LNXSYSTM:00/LNXPWRBN:00/input/input0
[    0.806633] ACPI: Power Button [PWRF]
[    0.807810] input: Sleep Button as /devices/LNXSYSTM:00/LNXSLPBN:00/input/input1
[    0.809630] ACPI: Sleep Button [SLPF]
[    0.811707] ACPI: Battery Slot [BAT0] (battery present)
[    0.812193] Serial: 8250/16550 driver, 32 ports, IRQ sharing enabled
[    0.834895] 00:02: ttyS0 at I/O 0x3f8 (irq = 4, base_baud = 115200) is a 16550A
[    0.837856] Linux agpgart interface v0.103
[    0.840277] loop: module loaded
[    0.842805] scsi host0: ata_piix
[    0.844523] scsi host1: ata_piix
[    0.845566] ata1: PATA max UDMA/33 cmd 0x1f0 ctl 0x3f6 bmdma 0xd000 irq 14
[    0.846993] ata2: PATA max UDMA/33 cmd 0x170 ctl 0x376 bmdma 0xd008 irq 15
[    0.848533] libphy: Fixed MDIO Bus: probed
[    0.849471] tun: Universal TUN/TAP device driver, 1.6
[    0.850593] PPP generic driver version 2.4.2
[    0.851571] ehci_hcd: USB 2.0 'Enhanced' Host Controller (EHCI) Driver
[    0.852955] ehci-pci: EHCI PCI platform driver
[    0.853976] ehci-platform: EHCI generic platform driver
[    0.855085] ohci_hcd: USB 1.1 'Open' Host Controller (OHCI) Driver
[    0.856577] ohci-pci: OHCI PCI platform driver
[    0.859340] ohci-platform: OHCI generic platform driver
[    0.861141] uhci_hcd: USB Universal Host Controller Interface driver
[    0.862516] i8042: PNP: PS/2 Controller [PNP0303:PS2K,PNP0f03:PS2M] at 0x60,0x64 irq 1,12
[    0.864811] serio: i8042 KBD port at 0x60,0x64 irq 1
[    0.865906] serio: i8042 AUX port at 0x60,0x64 irq 12
[    0.867062] mousedev: PS/2 mouse device common for all mice
[    0.869929] input: AT Translated Set 2 keyboard as /devices/platform/i8042/serio0/input/input2
[    0.872213] rtc_cmos rtc_cmos: rtc core: registered rtc_cmos as rtc0
[    0.874279] rtc_cmos rtc_cmos: alarms up to one day, 114 bytes nvram
[    0.878090] i2c /dev entries driver
[    0.879004] device-mapper: uevent: version 1.0.3
[    0.880130] device-mapper: ioctl: 4.37.0-ioctl (2017-09-20) initialised: dm-devel@redhat.com
[    0.882136] ledtrig-cpu: registered to indicate activity on CPUs
[    0.883781] NET: Registered protocol family 10
[    0.889024] Segment Routing with IPv6
[    0.890114] NET: Registered protocol family 17
[    0.892652] Key type dns_resolver registered
[    0.894263] mce: Using 0 MCE banks
[    0.895184] RAS: Correctable Errors collector initialized.
[    0.896304] sched_clock: Marking stable (894175598, 0)->(1160159245, -265983647)
[    0.898129] registered taskstats version 1
[    0.899031] Loading compiled-in X.509 certificates
[    0.903659] Loaded X.509 cert 'Build time autogenerated kernel key: f60a4c8d126e94dbf36c5faa43fb49029eeea9a9'
[    0.909568] Loaded X.509 cert 'Canonical Ltd. Live Patch Signing: 14df34d1a87cf37625abec039ef2bf521249b969'
[    0.916942] Loaded X.509 cert 'Canonical Ltd. Kernel Module Signing: 88f752e560a1e0737e31163a466ad7b70a850c19'
[    0.919491] zswap: loaded using pool lzo/zbud
[    0.927623] Key type big_key registered
[    0.929174] Key type trusted registered
[    0.932102] Key type encrypted registered
[    0.933057] AppArmor: AppArmor sha1 policy hashing enabled
[    0.934258] ima: No TPM chip found, activating TPM-bypass! (rc=-19)
[    0.935559] ima: Allocated hash algorithm: sha1
[    0.936560] evm: HMAC attrs: 0x1
[    0.937569]   Magic number: 14:75:979
[    0.938658] rtc_cmos rtc_cmos: setting system clock to 2022-03-24 08:58:16 UTC (1648112296)
[    0.941264] BIOS EDD facility v0.16 2004-Jun-25, 0 devices found
[    0.942671] EDD information not available.
[    1.037428] Freeing unused kernel image memory: 2448K
[    1.048345] Write protecting the kernel read-only data: 20480k
[    1.050720] Freeing unused kernel image memory: 2008K
[    1.052621] Freeing unused kernel image memory: 1824K
[    1.062680] x86/mm: Checked W+X mappings: passed, no W+X pages found.
[    1.064081] x86/mm: Checking user space page tables
[    1.073015] x86/mm: Checked W+X mappings: passed, no W+X pages found.
Loading, please wait...
starting version 237
[    1.152375] e1000: Intel(R) PRO/1000 Network Driver - version 7.3.21-k8-NAPI
[    1.154180] e1000: Copyright (c) 1999-2006 Intel Corporation.
[    1.161429] Fusion MPT base driver 3.04.20
[    1.162358] Copyright (c) 1999-2008 LSI Corporation
[    1.175289] AVX2 version of gcm_enc/dec engaged.
[    1.177453] AES CTR mode by8 optimization enabled
[    1.178673] Fusion MPT SPI Host driver 3.04.20
[    1.363265] input: ImExPS/2 Generic Explorer Mouse as /devices/platform/i8042/serio1/input/input4
[    1.606180] e1000 0000:00:03.0 eth0: (PCI:33MHz:32-bit) 02:77:80:ca:b7:e6
[    1.609319] e1000 0000:00:03.0 eth0: Intel(R) PRO/1000 Network Connection
[    1.613230] mptbase: ioc0: Initiating bringup
[    1.615344] e1000 0000:00:03.0 enp0s3: renamed from eth0
[    1.873160] ioc0: LSI53C1030 A0: Capabilities={Initiator}
[    4.137927] scsi host2: ioc0: LSI53C1030 A0, FwRev=00000000h, Ports=1, MaxQ=256, IRQ=20
[    5.189326] scsi 2:0:0:0: Direct-Access     VBOX     HARDDISK         1.0  PQ: 0 ANSI: 5
[    5.718249] scsi target2:0:0: Beginning Domain Validation
[    5.721632] scsi target2:0:0: Domain Validation skipping write tests
[    5.723006] scsi target2:0:0: Ending Domain Validation
[    5.726005] scsi target2:0:0: asynchronous
[    5.728085] scsi 2:0:1:0: Direct-Access     VBOX     HARDDISK         1.0  PQ: 0 ANSI: 5
[    6.326248] scsi target2:0:1: Beginning Domain Validation
[    6.330079] random: fast init done
[    6.331606] scsi target2:0:1: Domain Validation skipping write tests
[    6.333049] scsi target2:0:1: Ending Domain Validation
[    6.334491] scsi target2:0:1: asynchronous
[    6.339921] random: systemd-udevd: uninitialized urandom read (16 bytes read)
[    6.340429] sd 2:0:0:0: [sda] 83886080 512-byte logical blocks: (42.9 GB/40.0 GiB)
[    6.344196] random: systemd-udevd: uninitialized urandom read (16 bytes read)
[    6.346512] sd 2:0:0:0: [sda] Write Protect is off
[    6.349691] random: systemd-udevd: uninitialized urandom read (16 bytes read)
[    6.350001] sd 2:0:0:0: Attached scsi generic sg0 type 0
[    6.353108] sd 2:0:1:0: Attached scsi generic sg1 type 0
[    6.355120] sd 2:0:0:0: [sda] Incomplete mode parameter data
[    6.359354] sd 2:0:0:0: [sda] Assuming drive cache: write through
[    6.362694] sd 2:0:1:0: [sdb] 20480 512-byte logical blocks: (10.5 MB/10.0 MiB)
[    6.366006] sd 2:0:1:0: [sdb] Write Protect is off
[    6.367989] sd 2:0:1:0: [sdb] Incomplete mode parameter data
[    6.369372] sd 2:0:1:0: [sdb] Assuming drive cache: write through
[    6.373585]  sda: sda1
[    6.377819] sd 2:0:1:0: [sdb] Attached SCSI disk
[    6.379605] sd 2:0:0:0: [sda] Attached SCSI disk
Begin: Loading essential drivers ... [    8.224292] raid6: sse2x1   gen() 10847 MB/s
[    8.272059] raid6: sse2x1   xor()  7736 MB/s
[    8.320134] raid6: sse2x2   gen() 13210 MB/s
[    8.368237] raid6: sse2x2   xor()  6951 MB/s
[    8.416128] raid6: sse2x4   gen() 11958 MB/s
[    8.464407] raid6: sse2x4   xor()  6752 MB/s
[    8.512223] raid6: avx2x1   gen() 14789 MB/s
[    8.560030] raid6: avx2x1   xor() 13190 MB/s
[    8.608393] raid6: avx2x2   gen() 20986 MB/s
[    8.656083] raid6: avx2x2   xor() 16189 MB/s
[    8.704119] raid6: avx2x4   gen() 28616 MB/s
[    8.756811] raid6: avx2x4   xor() 13948 MB/s
[    8.758796] raid6: using algorithm avx2x4 gen() 28616 MB/s
[    8.759954] raid6: .... xor() 13948 MB/s, rmw enabled
[    8.761060] raid6: using avx2x2 recovery algorithm
[    8.763308] xor: automatically using best checksumming function   avx       
[    8.766725] async_tx: api initialized (async)
done.
Begin: Running /scripts/init-premount ... done.
Begin: Mounting root file system ... Begin: Running /scripts/local-top ... done.
Begin: Running /scripts/local-premount ... [    8.819521] Btrfs loaded, crc32c=crc32c-intel
Scanning for Btrfs filesystems
done.
Warning: fsck not present, so skipping root file system
[    8.854131] EXT4-fs (sda1): INFO: recovery required on readonly filesystem
[    8.855543] EXT4-fs (sda1): write access will be enabled during recovery
[    9.096352] EXT4-fs (sda1): recovery complete
[    9.098229] EXT4-fs (sda1): mounted filesystem with ordered data mode. Opts: (null)
done.
Begin: Running /scripts/local-bottom ... done.
Begin: Running /scripts/init-bottom ... done.
[    9.459193] ip_tables: (C) 2000-2006 Netfilter Core Team
[    9.474300] systemd[1]: systemd 237 running in system mode. (+PAM +AUDIT +SELINUX +IMA +APPARMOR +SMACK +SYSVINIT +UTMP +LIBCRYPTSETUP +GCRYPT +GNUTLS +ACL +XZ +LZ4 +SECCOMP +BLKID +ELFUTILS +KMOD -IDN2 +IDN -PCRE2 default-hierarchy=hybrid)
[    9.481406] systemd[1]: Detected virtualization oracle.
[    9.482580] systemd[1]: Detected architecture x86-64.

Welcome to [1mUbuntu 18.04.6 LTS[0m!

[    9.490851] systemd[1]: Set hostname to <ubuntu-bionic>.
[    9.971767] systemd[1]: Created slice User and Session Slice.
[[0;32m  OK  [0m] Created slice User and Session Slice.
[    9.973832] systemd[1]: Reached target User and Group Name Lookups.
[[0;32m  OK  [0m] Reached target User and Group Name Lookups.
[    9.977271] systemd[1]: Reached target System Time Synchronized.
[[0;32m  OK  [0m] Reached target System Time Synchronized.
[   10.109526] systemd[1]: Created slice System Slice.
[[0;32m  OK  [0m] Created slice System Slice.
[   10.114387] systemd[1]: Listening on Device-mapper event daemon FIFOs.
[[0;32m  OK  [0m] Listening on Device-mapper event daemon FIFOs.
[   10.120497] systemd[1]: Listening on udev Control Socket.
[[0;32m  OK  [0m] Listening on udev Control Socket.
[[0;32m  OK  [0m] Listening on Syslog Socket.
[[0;32m  OK  [0m] Created slice system-serial\x2dgetty.slice.
[[0;32m  OK  [0m] Listening on /dev/initctl Compatibility Named Pipe.
[[0;32m  OK  [0m] Reached target Slices.
[[0;32m  OK  [0m] Listening on udev Kernel Socket.
[[0;32m  OK  [0m] Listening on Journal Audit Socket.
[[0;32m  OK  [0m] Set up automount Arbitrary Executabâ€¦rmats File System Automount Point.
[[0;32m  OK  [0m] Listening on fsck to fsckd communication Socket.
[[0;32m  OK  [0m] Listening on LVM2 poll daemon socket.
[[0;32m  OK  [0m] Reached target Swap.
[[0;32m  OK  [0m] Listening on Network Service Netlink Socket.
[[0;32m  OK  [0m] Listening on LVM2 metadata daemon socket.
[[0;32m  OK  [0m] Started Forward Password Requests to Wall Directory Watch.
[[0;32m  OK  [0m] Listening on Journal Socket (/dev/log).
[[0;32m  OK  [0m] Listening on Journal Socket.
         Starting Load Kernel Modules...
         Starting Create list of required stâ€¦ce nodes for the current kernel...
         Starting udev Coldplug all Devices...
         Mounting Huge Pages File System...
         Starting File System Check on Root Device...
         Starting Monitoring of LVM2 mirrorsâ€¦ng dmeventd or progress polling...
[   11.800635] Loading iSCSI transport class v2.0-870.
         Starting Uncomplicated firewall...
         Starting Journal Service...
         Mounting Kernel Debug File System...
[   11.819436] iscsi: registered transport (tcp)
         Starting Set the console keyboard layout...
         Mounting POSIX Message Queue File System...
[   11.844763] iscsi: registered transport (iser)
[[0;32m  OK  [0m] Started Load Kernel Modules.
         Mounting FUSE Control File System...
         Starting Apply Kernel Variables...
         Mounting Kernel Configuration File System...
[[0;32m  OK  [0m] Started Create list of required staâ€¦vice nodes for the current kernel.
         Starting Create Static Device Nodes in /dev...
[[0;32m  OK  [0m] Started File System Check Daemon to report status.
[[0;32m  OK  [0m] Started LVM2 metadata daemon.
[[0;32m  OK  [0m] Started udev Coldplug all Devices.
[[0;32m  OK  [0m] Started Uncomplicated firewall.
[[0;32m  OK  [0m] Mounted Kernel Configuration File System.
[[0;32m  OK  [0m] Mounted FUSE Control File System.
[[0;32m  OK  [0m] Mounted Kernel Debug File System.
[[0;32m  OK  [0m] Mounted Huge Pages File System.
[[0;32m  OK  [0m] Mounted POSIX Message Queue File System.
[[0;32m  OK  [0m] Started Journal Service.
[[0;32m  OK  [0m] Started Create Static Device Nodes in /dev.
[[0;32m  OK  [0m] Started Apply Kernel Variables.
[[0;32m  OK  [0m] Started File System Check on Root Device.
         Starting Remount Root and Kernel File Systems...
[[0;32m  OK  [0m] Started Remount Root and Kernel File Systems.
         Starting Load/Save Random Seed...
         Starting udev Kernel Device Manager...
         Starting Flush Journal to Persistent Storage...
[[0;32m  OK  [0m] Started Monitoring of LVM2 mirrors,â€¦sing dmeventd or progress polling.
[[0;32m  OK  [0m] Started Load/Save Random Seed.
[[0;32m  OK  [0m] Started udev Kernel Device Manager.
[[0;32m  OK  [0m] Started Set the console keyboard layout.
[[0;32m  OK  [0m] Started Dispatch Password Requests to Console Directory Watch.
[[0;32m  OK  [0m] Reached target Local Encrypted Volumes.
[[0;32m  OK  [0m] Reached target Local File Systems (Pre).
[[0;32m  OK  [0m] Reached target Local File Systems.
         Starting Tell Plymouth To Write Out Runtime Data...
         Starting Set console font and keymap...
         Starting ebtables ruleset management...
         Starting AppArmor initialization...
[[0;32m  OK  [0m] Started Flush Journal to Persistent Storage.
[[0;32m  OK  [0m] Started Set console font and keymap.
         Starting Create Volatile Files and Directories...
[[0;32m  OK  [0m] Started Tell Plymouth To Write Out Runtime Data.
[[0;32m  OK  [0m] Started Create Volatile Files and Directories.
         Starting Update UTMP about System Boot/Shutdown...
[[0;32m  OK  [0m] Started Update UTMP about System Boot/Shutdown.
[[0;32m  OK  [0m] Started ebtables ruleset management.
[[0;32m  OK  [0m] Started AppArmor initialization.
[[0;32m  OK  [0m] Found device /dev/ttyS0.
         Starting Initial cloud-init job (pre-networking)...
         Starting Load AppArmor profiles managed internally by snapd...
[[0;32m  OK  [0m] Started Load AppArmor profiles managed internally by snapd.
[[0;32m  OK  [0m] Listening on Load/Save RF Kill Switch Status /dev/rfkill Watch.
[   14.624403] cloud-init[532]: Cloud-init v. 21.4-0ubuntu1~18.04.1 running 'init-local' at Thu, 24 Mar 2022 08:58:29 +0000. Up 14.35 seconds.
[[0;32m  OK  [0m] Started Initial cloud-init job (pre-networking).
[[0;32m  OK  [0m] Reached target Network (Pre).
         Starting Network Service...
[[0;32m  OK  [0m] Started Network Service.
         Starting Wait for Network to be Configured...
         Starting Network Name Resolution...
[[0;32m  OK  [0m] Started Network Name Resolution.
[[0;32m  OK  [0m] Reached target Network.
[[0;32m  OK  [0m] Reached target Host and Network Name Lookups.
[[0;32m  OK  [0m] Started Wait for Network to be Configured.
         Starting Initial cloud-init job (metadata service crawler)...
[   17.327478] cloud-init[677]: Cloud-init v. 21.4-0ubuntu1~18.04.1 running 'init' at Thu, 24 Mar 2022 08:58:32 +0000. Up 17.09 seconds.
[   17.340467] cloud-init[677]: ci-info: ++++++++++++++++++++++++++++++++++++++Net device info++++++++++++++++++++++++++++++++++++++
[   17.352186] cloud-init[677]: ci-info: +--------+------+----------------------------+---------------+--------+-------------------+
[   17.353312] cloud-init[677]: ci-info: | Device |  Up  |          Address           |      Mask     | Scope  |     Hw-Address    |
[   17.364175] cloud-init[677]: ci-info: +--------+------+----------------------------+---------------+--------+-------------------+
[   17.376355] cloud-init[677]: ci-info: | enp0s3 | True |         10.0.2.15          | 255.255.255.0 | global | 02:77:80:ca:b7:e6 |
[   17.377221] cloud-init[677]: ci-info: | enp0s3 | True | fe80::77:80ff:feca:b7e6/64 |       .       |  link  | 02:77:80:ca:b7:e6 |
[   17.378115] cloud-init[677]: ci-info: |   lo   | True |         127.0.0.1          |   255.0.0.0   |  host  |         .         |
[   17.379665] cloud-init[677]: ci-info: |   lo   | True |          ::1/128           |       .       |  host  |         .         |
[   17.381184] cloud-init[677]: ci-info: +--------+------+----------------------------+---------------+--------+-------------------+
[   17.393073] cloud-init[677]: ci-info: ++++++++++++++++++++++++++++Route IPv4 info+++++++++++++++++++++++++++++
[   17.404210] cloud-init[677]: ci-info: +-------+-------------+----------+-----------------+-----------+-------+
[   17.416371] cloud-init[677]: ci-info: | Route | Destination | Gateway  |     Genmask     | Interface | Flags |
[   17.417460] cloud-init[677]: ci-info: +-------+-------------+----------+-----------------+-----------+-------+
[   17.418432] cloud-init[677]: ci-info: |   0   |   0.0.0.0   | 10.0.2.2 |     0.0.0.0     |   enp0s3  |   UG  |
[   17.428731] cloud-init[677]: ci-info: |   1   |   10.0.2.0  | 0.0.0.0  |  255.255.255.0  |   enp0s3  |   U   |
[   17.432978] cloud-init[677]: ci-info: |   2   |   10.0.2.2  | 0.0.0.0  | 255.255.255.255 |   enp0s3  |   UH  |
[   17.434448] cloud-init[677]: ci-info: +-------+-------------+----------+-----------------+-----------+-------+
[   17.444510] cloud-init[677]: ci-info: +++++++++++++++++++Route IPv6 info+++++++++++++++++++
[   17.456275] cloud-init[677]: ci-info: +-------+-------------+---------+-----------+-------+
[   17.468681] cloud-init[677]: ci-info: | Route | Destination | Gateway | Interface | Flags |
[   17.469717] cloud-init[677]: ci-info: +-------+-------------+---------+-----------+-------+
[   17.470580] cloud-init[677]: ci-info: |   1   |  fe80::/64  |    ::   |   enp0s3  |   U   |
[   17.471424] cloud-init[677]: ci-info: |   3   |    local    |    ::   |   enp0s3  |   U   |
[   17.480196] cloud-init[677]: ci-info: |   4   |   ff00::/8  |    ::   |   enp0s3  |   U   |
[   17.492361] cloud-init[677]: ci-info: +-------+-------------+---------+-----------+-------+
[[0;32m  OK  [0m] Started Initial cloud-init job (metadata service crawler).
[[0;32m  OK  [0m] Reached target Cloud-config availability.
[[0;32m  OK  [0m] Reached target Network is Online.
         Starting Availability of block devices...
[[0;32m  OK  [0m] Reached target Remote File Systems (Pre).
         Mounting /vagrant...
[[0;32m  OK  [0m] Reached target System Initialization.
[[0;32m  OK  [0m] Listening on cloud-init hotplug hook socket.
[[0;32m  OK  [0m] Started Daily Cleanup of Temporary Directories.
[[0;32m  OK  [0m] Started Trigger to poll for Ubuntu â€¦(Only enabled on GCP LTS non-pro).
[[0;32m  OK  [0m] Listening on Open-iSCSI iscsid Socket.
[[0;32m  OK  [0m] Listening on D-Bus System Message Bus Socket.
[[0;32m  OK  [0m] Started Daily apt download activities.
[[0;32m  OK  [0m] Started Daily apt upgrade and clean activities.
         Starting LXD - unix socket.
[[0;32m  OK  [0m] Started Discard unused blocks once a week.
[[0;32m  OK  [0m] Started Ubuntu Advantage Timer for running repeated jobs.
[[0;32m  OK  [0m] Listening on ACPID Listen Socket.
[[0;32m  OK  [0m] Listening on UUID daemon activation socket.
         Starting Docker Socket for the API.
[[0;32m  OK  [0m] Started ACPI Events Check.
[[0;32m  OK  [0m] Reached target Paths.
         Starting Socket activation for snappy daemon.
[[0;32m  OK  [0m] Started Message of the Day.
[[0;32m  OK  [0m] Reached target Timers.
[[0;32m  OK  [0m] Started Availability of block devices.
[[0;32m  OK  [0m] Mounted /vagrant.
[[0;32m  OK  [0m] Listening on LXD - unix socket.
[[0;32m  OK  [0m] Listening on Docker Socket for the API.
[[0;32m  OK  [0m] Listening on Socket activation for snappy daemon.
[[0;32m  OK  [0m] Reached target Sockets.
[[0;32m  OK  [0m] Reached target Basic System.
         Starting Login Service...
[[0;32m  OK  [0m] Started D-Bus System Message Bus.
         Starting LSB: Record successful boot for GRUB...
[[0;32m  OK  [0m] Started FUSE filesystem for LXC.
         Starting Daily apt upgrade and clean activities...
         Starting Message of the Day...
[[0;32m  OK  [0m] Started Regular background program processing daemon.
         Starting LXD - container startup/shutdown...
         Starting System Logging Service...
         Starting OpenBSD Secure Shell server...
         Starting containerd container runtime...
         Starting Virtualbox guest utils...
         Starting Accounts Service...
[[0;32m  OK  [0m] Started irqbalance daemon.
         Starting Dispatcher daemon for systemd-networkd...
         Starting Snap Daemon...
[[0;32m  OK  [0m] Started Deferred execution scheduler.
[[0;32m  OK  [0m] Reached target Remote File Systems.
         Starting Permit User Sessions...
         Starting LSB: automatic crash report generation...
[[0;32m  OK  [0m] Started System Logging Service.
[[0;32m  OK  [0m] Started OpenBSD Secure Shell server.
[[0;32m  OK  [0m] Started Login Service.
[[0;32m  OK  [0m] Started Permit User Sessions.
         Starting Hold until boot process finishes up...
         Starting Terminate Plymouth Boot Screen...
         Starting Authorization Manager...
[[0;32m  OK  [0m] Started Unattended Upgrades Shutdown.
[[0;32m  OK  [0m] Started LXD - container startup/shutdown.
[[0;32m  OK  [0m] Started Hold until boot process finishes up.
[[0;32m  OK  [0m] Started Terminate Plymouth Boot Screen.
[[0;32m  OK  [0m] Started Serial Getty on ttyS0.
         Starting Set console scheme...
[[0;32m  OK  [0m] Started Authorization Manager.
[[0;32m  OK  [0m] Started Accounts Service.
[[0;32m  OK  [0m] Started Set console scheme.
[[0;32m  OK  [0m] Created slice system-getty.slice.
[[0;32m  OK  [0m] Started Getty on tty1.
[[0;32m  OK  [0m] Reached target Login Prompts.
[[0;32m  OK  [0m] Started LSB: Record successful boot for GRUB.
[[0;32m  OK  [0m] Started LSB: automatic crash report generation.
[[0;32m  OK  [0m] Started Virtualbox guest utils.
[[0;32m  OK  [0m] Created slice User Slice of vagrant.
[[0;32m  OK  [0m] Started Dispatcher daemon for systemd-networkd.
         Starting User Manager for UID 1000...
[[0;32m  OK  [0m] Started Session 1 of user vagrant.
[[0;32m  OK  [0m] Started User Manager for UID 1000.
[[0;32m  OK  [0m] Started Message of the Day.
[[0;32m  OK  [0m] Started containerd container runtime.
         Starting Docker Application Container Engine...
[[0;32m  OK  [0m] Started Snap Daemon.
         Starting Wait until snapd is fully seeded...
[[0;32m  OK  [0m] Started Wait until snapd is fully seeded.
         Starting Apply the settings specified in cloud-config...
[   23.806066] cloud-init[1308]: Cloud-init v. 21.4-0ubuntu1~18.04.1 running 'modules:config' at Thu, 24 Mar 2022 08:58:38 +0000. Up 23.41 seconds.

Ubuntu 18.04.6 LTS ubuntu-bionic ttyS0

ubuntu-bionic login: [   27.975554] cloud-init[1946]: Cloud-init v. 21.4-0ubuntu1~18.04.1 running 'modules:final' at Thu, 24 Mar 2022 08:58:43 +0000. Up 27.68 seconds.
[   27.978667] cloud-init[1946]: Cloud-init v. 21.4-0ubuntu1~18.04.1 finished at Thu, 24 Mar 2022 08:58:43 +0000. Datasource DataSourceNoCloud [seed=/dev/sdb][dsmode=net].  Up 27.96 seconds
         Starting Daily apt download activities...
         Starting Load AppArmor profiles managed internally by snapd...
         Starting Socket activation for snappy daemon.
[[0;32m  OK  [0m] Listening on Socket activation for snappy daemon.
         Starting Wait until snapd is fully seeded...
         Starting Snap Daemon...
[[0;32m  OK  [0m] Started Load AppArmor profiles managed internally by snapd.
[[0;32m  OK  [0m] Started Snap Daemon.
         Starting Time & Date Service...
[[0;32m  OK  [0m] Started Time & Date Service.
[[0;32m  OK  [0m] Started Wait until snapd is fully seeded.
         Stopping Authorization Manager...
[[0;32m  OK  [0m] Stopped Authorization Manager.
         Starting Authorization Manager...
[[0;32m  OK  [0m] Started Authorization Manager.
         Stopping Authorization Manager...
[[0;32m  OK  [0m] Stopped Authorization Manager.
         Starting Authorization Manager...
[[0;32m  OK  [0m] Started Authorization Manager.
[[0;32m  OK  [0m] Started Daily apt upgrade and clean activities.
[[0;32m  OK  [0m] Started Daily apt download activities.
